../lib/source/snake.c:134:22:createSnakeNode	24	static
../lib/source/snake.c:147:22:addBlock	24	static
../lib/source/snake.c:161:6:recordStep	4	static
../lib/source/snake.c:166:6:snakeDisplay	24	static
../lib/source/snake.c:175:6:snakeInit	8	static
../lib/source/snake.c:185:6:snakeBlockUpdate	24	static
../lib/source/snake.c:197:6:snakeDirectionUpdated	24	static
../lib/source/snake.c:231:6:snakePositionUpdated	40	static
../lib/source/snake.c:249:6:copySnakeReset	24	static
../lib/source/snake.c:269:6:foodGen	24	static
../lib/source/snake.c:290:6:foodDisplay	8	static
../lib/source/snake.c:298:6:ifAteFood	24	static
../lib/source/snake.c:320:6:ifHitWall	24	static
../lib/source/snake.c:328:6:ifHitSelf	32	static
